Startpoint: _410_ (rising edge-triggered flip-flop clocked by clk)
Endpoint: _382_ (rising edge-triggered flip-flop clocked by clk)
Path Group: clk
Path Type: max

  Delay    Time   Description
---------------------------------------------------------
   0.00    0.00   clock clk (rise edge)
   0.00    0.00   clock network delay (ideal)
   0.00    0.00 ^ _410_/CLK (sky130_fd_sc_hd__dfrtp_1)
   0.42    0.42 ^ _410_/Q (sky130_fd_sc_hd__dfrtp_1)
   0.28    0.70 ^ _255_/X (sky130_fd_sc_hd__and4_1)
   0.18    0.87 v _261_/Y (sky130_fd_sc_hd__nand4_1)
   0.51    1.39 ^ _267_/Y (sky130_fd_sc_hd__nor4_1)
   0.25    1.64 v _273_/Y (sky130_fd_sc_hd__nand4_1)
   0.53    2.17 ^ _279_/Y (sky130_fd_sc_hd__nor4_1)
   0.25    2.42 v _285_/Y (sky130_fd_sc_hd__nand4_1)
   0.38    2.80 ^ _291_/Y (sky130_fd_sc_hd__nor4_1)
   0.19    2.99 v _299_/Y (sky130_fd_sc_hd__nand4_1)
   0.25    3.25 ^ _301_/X (sky130_fd_sc_hd__lpflow_isobufsrc_1)
   0.15    3.40 v _306_/Y (sky130_fd_sc_hd__nand4_1)
   0.15    3.55 v _308_/X (sky130_fd_sc_hd__lpflow_isobufsrc_1)
   0.00    3.55 v _382_/D (sky130_fd_sc_hd__dfrtp_1)
           3.55   data arrival time

  10.00   10.00   clock clk (rise edge)
   0.00   10.00   clock network delay (ideal)
  -0.20    9.80   clock uncertainty
   0.00    9.80   clock reconvergence pessimism
           9.80 ^ _382_/CLK (sky130_fd_sc_hd__dfrtp_1)
  -0.10    9.70   library setup time
           9.70   data required time
---------------------------------------------------------
           9.70   data required time
          -3.55   data arrival time
---------------------------------------------------------
           6.15   slack (MET)


