33. Printing statistics.

=== pipeline_datapath ===

   Number of wires:                617
   Number of wire bits:          11884
   Number of public wires:         617
   Number of public wire bits:   11884
   Number of memories:               0
   Number of memory bits:            0
   Number of processes:              0
   Number of cells:                188
     sky130_fd_sc_hd__a21oi_1        3
     sky130_fd_sc_hd__a31oi_1        5
     sky130_fd_sc_hd__and2_0         1
     sky130_fd_sc_hd__and4_1         1
     sky130_fd_sc_hd__clkinv_1      70
     sky130_fd_sc_hd__dfrtp_1       60
     sky130_fd_sc_hd__lpflow_isobufsrc_1      5
     sky130_fd_sc_hd__nand2_1        6
     sky130_fd_sc_hd__nand4_1        5
     sky130_fd_sc_hd__nor2_1         9
     sky130_fd_sc_hd__nor4_1         3
     sky130_fd_sc_hd__xnor2_1       14
     sky130_fd_sc_hd__xor2_1         6

